\BOOKMARK [0][-]{chapter*.1}{\376\377\000E\000l\000e\000n\000c\000o\000\040\000d\000e\000l\000l\000e\000\040\000f\000i\000g\000u\000r\000e}{}% 1
\BOOKMARK [0][-]{chapter*.3}{\376\377\000I\000n\000t\000r\000o\000d\000u\000z\000i\000o\000n\000e}{}% 2
\BOOKMARK [0][-]{chapter.1}{\376\377\000O\000r\000i\000e\000n\000t\000a\000m\000e\000n\000t\000o\000\040\000a\000l\000\040\000P\000e\000n\000s\000i\000e\000r\000o\000\040\000C\000o\000m\000p\000u\000t\000a\000z\000i\000o\000n\000a\000l\000e}{}% 3
\BOOKMARK [1][-]{section.1.1}{\376\377\000C\000o\000s\000'\000\350\000\040\000i\000l\000\040\000p\000e\000n\000s\000i\000e\000r\000o\000\040\000c\000o\000m\000p\000u\000t\000a\000z\000i\000o\000n\000a\000l\000e}{chapter.1}% 4
\BOOKMARK [2][-]{subsection.1.1.1}{\376\377\000I\000\040\000q\000u\000a\000t\000t\000r\000o\000\040\000p\000i\000l\000a\000s\000t\000r\000i\000\040\000d\000e\000l\000\040\000P\000e\000n\000s\000i\000e\000r\000o\000\040\000C\000o\000m\000p\000u\000t\000a\000z\000i\000o\000n\000a\000l\000e}{section.1.1}% 5
\BOOKMARK [1][-]{section.1.2}{\376\377\000P\000e\000r\000c\000h\000\351\000\040\000i\000n\000s\000e\000g\000n\000a\000r\000l\000o\000:\000\040\000o\000b\000i\000e\000t\000t\000i\000v\000i\000\040\000e\000d\000u\000c\000a\000t\000i\000v\000i\000\040\000e\000\040\000f\000o\000r\000m\000a\000t\000i\000v\000i}{chapter.1}% 6
\BOOKMARK [1][-]{section.1.3}{\376\377\000M\000e\000t\000o\000d\000o\000l\000o\000g\000i\000e\000\040\000d\000i\000d\000a\000t\000t\000i\000c\000h\000e\000\040\000p\000e\000r\000\040\000l\000'\000o\000r\000i\000e\000n\000t\000a\000m\000e\000n\000t\000o}{chapter.1}% 7
\BOOKMARK [2][-]{subsection.1.3.1}{\376\377\000P\000r\000o\000g\000r\000a\000m\000m\000a\000z\000i\000o\000n\000e\000\040\000v\000i\000s\000u\000a\000l\000e\000\040\000e\000\040\000a\000t\000t\000i\000v\000i\000t\000\340\000\040\000u\000n\000p\000l\000u\000g\000g\000e\000d}{section.1.3}% 8
\BOOKMARK [2][-]{subsection.1.3.2}{\376\377\000L\000e\000a\000r\000n\000i\000n\000g\000-\000b\000y\000-\000d\000o\000i\000n\000g\000\040\000e\000\040\000p\000r\000o\000b\000l\000e\000m\000\040\000s\000o\000l\000v\000i\000n\000g}{section.1.3}% 9
\BOOKMARK [2][-]{subsection.1.3.3}{\376\377\000G\000a\000m\000i\000f\000i\000c\000a\000t\000i\000o\000n\000\040\000e\000\040\000A\000m\000b\000i\000e\000n\000t\000i\000\040\000I\000n\000t\000e\000r\000a\000t\000t\000i\000v\000i}{section.1.3}% 10
\BOOKMARK [2][-]{subsection.1.3.4}{\376\377\000G\000a\000m\000e\000-\000b\000a\000s\000e\000d\000\040\000l\000e\000a\000r\000n\000i\000n\000g\000\040\000\050\000G\000B\000L\000\051}{section.1.3}% 11
\BOOKMARK [1][-]{section.1.4}{\376\377\000L\000'\000a\000l\000g\000o\000r\000i\000t\000m\000o\000\040\000H\000e\000a\000p\000\040\000S\000o\000r\000t\000\040\000c\000o\000m\000e\000\040\000s\000t\000r\000u\000m\000e\000n\000t\000o\000\040\000d\000i\000d\000a\000t\000t\000i\000c\000o}{chapter.1}% 12
\BOOKMARK [2][-]{subsection.1.4.1}{\376\377\000F\000o\000n\000d\000a\000m\000e\000n\000t\000i\000\040\000t\000e\000o\000r\000i\000c\000i\000\040\000d\000e\000l\000l\000'\000H\000e\000a\000p}{section.1.4}% 13
\BOOKMARK [2][-]{subsection.1.4.2}{\376\377\000A\000n\000a\000l\000i\000s\000i\000\040\000d\000e\000l\000l\000'\000A\000l\000g\000o\000r\000i\000t\000m\000o}{section.1.4}% 14
\BOOKMARK [3][-]{subsubsection.1.4.2.1}{\376\377\000F\000a\000s\000e\000\040\0001\000:\000\040\000B\000u\000i\000l\000d\000-\000M\000a\000x\000-\000H\000e\000a\000p\000\040\000\050\000C\000o\000s\000t\000r\000u\000z\000i\000o\000n\000e\000\051}{subsection.1.4.2}% 15
\BOOKMARK [3][-]{subsubsection.1.4.2.2}{\376\377\000F\000a\000s\000e\000\040\0002\000:\000\040\000S\000o\000r\000t\000i\000n\000g\000\040\000\050\000O\000r\000d\000i\000n\000a\000m\000e\000n\000t\000o\000\051}{subsection.1.4.2}% 16
\BOOKMARK [2][-]{subsection.1.4.3}{\376\377\000A\000n\000a\000l\000i\000s\000i\000\040\000d\000e\000l\000l\000a\000\040\000C\000o\000m\000p\000l\000e\000s\000s\000i\000t\000\340\000\040\000\050\000B\000i\000g\000\040\000O\000\040\000N\000o\000t\000a\000t\000i\000o\000n\000\051}{section.1.4}% 17
\BOOKMARK [0][-]{chapter.2}{\376\377\000D\000e\000s\000c\000r\000i\000z\000i\000o\000n\000e\000\040\000e\000\040\000A\000n\000a\000l\000i\000s\000i\000\040\000d\000e\000l\000\040\000P\000r\000o\000g\000e\000t\000t\000o}{}% 18
\BOOKMARK [1][-]{section.2.1}{\376\377\000O\000b\000i\000e\000t\000t\000i\000v\000i\000\040\000d\000e\000l\000\040\000P\000r\000o\000g\000e\000t\000t\000o\000\040\000d\000i\000\040\000T\000i\000r\000o\000c\000i\000n\000i\000o}{chapter.2}% 19
\BOOKMARK [2][-]{subsection.2.1.1}{\376\377\0001\000.\000\040\000O\000b\000i\000e\000t\000t\000i\000v\000i\000\040\000D\000i\000d\000a\000t\000t\000i\000c\000i\000\040\000e\000\040\000C\000o\000g\000n\000i\000t\000i\000v\000i}{section.2.1}% 20
\BOOKMARK [2][-]{subsection.2.1.2}{\376\377\0002\000.\000\040\000O\000b\000i\000e\000t\000t\000i\000v\000i\000\040\000T\000e\000c\000n\000i\000c\000i\000\040\000e\000\040\000A\000r\000c\000h\000i\000t\000e\000t\000t\000u\000r\000a\000l\000i}{section.2.1}% 21
\BOOKMARK [2][-]{subsection.2.1.3}{\376\377\0003\000.\000\040\000O\000b\000i\000e\000t\000t\000i\000v\000i\000\040\000d\000i\000\040\000U\000s\000e\000r\000\040\000E\000x\000p\000e\000r\000i\000e\000n\000c\000e\000\040\000\050\000G\000a\000m\000i\000f\000i\000c\000a\000t\000i\000o\000n\000\051}{section.2.1}% 22
\BOOKMARK [1][-]{section.2.2}{\376\377\000D\000e\000s\000c\000r\000i\000z\000i\000o\000n\000e\000\040\000D\000e\000t\000t\000a\000g\000l\000i\000a\000t\000a\000\040\000d\000e\000l\000l\000'\000A\000p\000p\000l\000i\000c\000a\000z\000i\000o\000n\000e}{chapter.2}% 23
\BOOKMARK [2][-]{subsection.2.2.1}{\376\377\000I\000n\000t\000e\000r\000f\000a\000c\000c\000i\000a\000\040\000U\000t\000e\000n\000t\000e\000\040\000\050\000U\000I\000\051\000\040\000e\000\040\000L\000a\000y\000o\000u\000t}{section.2.2}% 24
\BOOKMARK [2][-]{subsection.2.2.2}{\376\377\000F\000l\000u\000s\000s\000o\000\040\000d\000i\000\040\000I\000n\000t\000e\000r\000a\000z\000i\000o\000n\000e\000\040\000\050\000U\000s\000e\000r\000\040\000J\000o\000u\000r\000n\000e\000y\000\051}{section.2.2}% 25
\BOOKMARK [1][-]{section.2.3}{\376\377\000S\000t\000r\000u\000m\000e\000n\000t\000i\000\040\000e\000\040\000T\000e\000c\000n\000o\000l\000o\000g\000i\000e\000:\000\040\000A\000n\000a\000l\000i\000s\000i\000\040\000T\000e\000c\000n\000i\000c\000a}{chapter.2}% 26
\BOOKMARK [2][-]{subsection.2.3.1}{\376\377\000H\000T\000M\000L\0005\000:\000\040\000S\000e\000m\000a\000n\000t\000i\000c\000a\000\040\000e\000\040\000A\000c\000c\000e\000s\000s\000i\000b\000i\000l\000i\000t\000\340}{section.2.3}% 27
\BOOKMARK [2][-]{subsection.2.3.2}{\376\377\000C\000S\000S\0003\000\040\000A\000v\000a\000n\000z\000a\000t\000o\000:\000\040\000G\000r\000i\000d\000,\000\040\000F\000l\000e\000x\000b\000o\000x\000\040\000e\000\040\000V\000a\000r\000i\000a\000b\000i\000l\000i}{section.2.3}% 28
\BOOKMARK [2][-]{subsection.2.3.3}{\376\377\000J\000a\000v\000a\000S\000c\000r\000i\000p\000t\000\040\000\050\000E\000S\0006\000+\000\051\000\040\000M\000o\000d\000e\000r\000n\000o}{section.2.3}% 29
\BOOKMARK [1][-]{section.2.4}{\376\377\000A\000n\000a\000l\000i\000s\000i\000\040\000A\000p\000p\000r\000o\000f\000o\000n\000d\000i\000t\000a\000\040\000d\000e\000i\000\040\000R\000e\000q\000u\000i\000s\000i\000t\000i}{chapter.2}% 30
\BOOKMARK [2][-]{subsection.2.4.1}{\376\377\000R\000e\000q\000u\000i\000s\000i\000t\000i\000\040\000F\000u\000n\000z\000i\000o\000n\000a\000l\000i\000\040\000\050\000R\000F\000\051}{section.2.4}% 31
\BOOKMARK [2][-]{subsection.2.4.2}{\376\377\000R\000e\000q\000u\000i\000s\000i\000t\000i\000\040\000N\000o\000n\000\040\000F\000u\000n\000z\000i\000o\000n\000a\000l\000i\000\040\000\050\000R\000N\000F\000\051}{section.2.4}% 32
\BOOKMARK [0][-]{chapter.3}{\376\377\000P\000r\000o\000g\000e\000t\000t\000a\000z\000i\000o\000n\000e\000\040\000t\000r\000a\000m\000i\000t\000e\000\040\000D\000i\000a\000g\000r\000a\000m\000m\000i\000\040\000U\000M\000L}{}% 33
\BOOKMARK [1][-]{section.3.1}{\376\377\000D\000i\000a\000g\000r\000a\000m\000m\000i\000\040\000d\000e\000i\000\040\000C\000a\000s\000i\000\040\000d\000'\000U\000s\000o}{chapter.3}% 34
\BOOKMARK [2][-]{subsection.3.1.1}{\376\377\000C\000a\000s\000i\000\040\000d\000'\000U\000s\000o\000\040\000P\000r\000i\000n\000c\000i\000p\000a\000l\000i}{section.3.1}% 35
\BOOKMARK [2][-]{subsection.3.1.2}{\376\377\000D\000e\000t\000t\000a\000g\000l\000i\000o\000\040\000C\000a\000s\000i\000\040\000d\000'\000U\000s\000o}{section.3.1}% 36
\BOOKMARK [3][-]{subsubsection.3.1.2.1}{\376\377\000U\000C\0000\0001\000\040\000-\000\040\000S\000e\000l\000e\000z\000i\000o\000n\000e\000\040\000T\000i\000p\000o\000\040\000H\000e\000a\000p}{subsection.3.1.2}% 37
\BOOKMARK [3][-]{subsubsection.3.1.2.2}{\376\377\000U\000C\0000\0002\000\040\000-\000\040\000I\000n\000i\000z\000i\000o\000\040\000P\000a\000r\000t\000i\000t\000a}{subsection.3.1.2}% 38
\BOOKMARK [3][-]{subsubsection.3.1.2.3}{\376\377\000U\000C\0000\0003\000\040\000-\000\040\000S\000w\000a\000p\000\040\000N\000o\000d\000i}{subsection.3.1.2}% 39
\BOOKMARK [3][-]{subsubsection.3.1.2.4}{\376\377\000U\000C\0000\0004\000\040\000-\000\040\000E\000s\000t\000r\000a\000z\000i\000o\000n\000e\000\040\000R\000a\000d\000i\000c\000e}{subsection.3.1.2}% 40
\BOOKMARK [3][-]{subsubsection.3.1.2.5}{\376\377\000U\000C\0000\0005\000\040\000-\000\040\000R\000e\000s\000e\000t\000\040\000G\000i\000o\000c\000o}{subsection.3.1.2}% 41
\BOOKMARK [3][-]{subsubsection.3.1.2.6}{\376\377\000U\000C\0000\0006\000\040\000-\000\040\000V\000i\000t\000t\000o\000r\000i\000a\000/\000S\000c\000o\000n\000f\000i\000t\000t\000a}{subsection.3.1.2}% 42
\BOOKMARK [2][-]{subsection.3.1.3}{\376\377\000M\000a\000t\000r\000i\000c\000e\000\040\000d\000i\000\040\000T\000r\000a\000c\000c\000i\000a\000b\000i\000l\000i\000t\000\340}{section.3.1}% 43
\BOOKMARK [1][-]{section.3.2}{\376\377\000D\000i\000a\000g\000r\000a\000m\000m\000a\000\040\000d\000e\000l\000l\000e\000\040\000A\000t\000t\000i\000v\000i\000t\000\340}{chapter.3}% 44
\BOOKMARK [2][-]{subsection.3.2.1}{\376\377\000A\000t\000t\000i\000v\000i\000t\000\340\000\040\000P\000r\000i\000n\000c\000i\000p\000a\000l\000i}{section.3.2}% 45
\BOOKMARK [2][-]{subsection.3.2.2}{\376\377\000D\000e\000t\000t\000a\000g\000l\000i\000o\000\040\000d\000e\000l\000\040\000F\000l\000u\000s\000s\000o\000\040\000P\000r\000i\000n\000c\000i\000p\000a\000l\000e\000\040\000\050\000W\000o\000r\000k\000f\000l\000o\000w\000\051}{section.3.2}% 46
\BOOKMARK [1][-]{section.3.3}{\376\377\000D\000i\000a\000g\000r\000a\000m\000m\000a\000\040\000d\000e\000l\000l\000e\000\040\000C\000l\000a\000s\000s\000i}{chapter.3}% 47
\BOOKMARK [2][-]{subsection.3.3.1}{\376\377\000G\000a\000m\000e\000P\000r\000e\000s\000e\000n\000t\000e\000r\000\040\000\050\000P\000r\000e\000s\000e\000n\000t\000e\000r\000\051}{section.3.3}% 48
\BOOKMARK [2][-]{subsection.3.3.2}{\376\377\000H\000e\000a\000p\000\040\000\050\000M\000o\000d\000e\000l\000\051}{section.3.3}% 49
\BOOKMARK [2][-]{subsection.3.3.3}{\376\377\000R\000e\000n\000d\000e\000r\000e\000r\000\040\000\050\000V\000i\000e\000w\000\051}{section.3.3}% 50
\BOOKMARK [2][-]{subsection.3.3.4}{\376\377\000C\000o\000m\000p\000u\000t\000e\000r}{section.3.3}% 51
\BOOKMARK [2][-]{subsection.3.3.5}{\376\377\000N\000o\000d\000e}{section.3.3}% 52
\BOOKMARK [2][-]{subsection.3.3.6}{\376\377\000I\000n\000t\000e\000r\000f\000a\000c\000c\000i\000a\000\040\000S\000t\000r\000a\000t\000e\000g\000y}{section.3.3}% 53
\BOOKMARK [1][-]{section.3.4}{\376\377\000D\000i\000a\000g\000r\000a\000m\000m\000a\000\040\000d\000i\000\040\000S\000e\000q\000u\000e\000n\000z\000a}{chapter.3}% 54
\BOOKMARK [2][-]{subsection.3.4.1}{\376\377\000S\000e\000q\000u\000e\000n\000z\000a\000\040\000P\000r\000i\000n\000c\000i\000p\000a\000l\000e\000\040\000d\000e\000l\000\040\000G\000i\000o\000c\000o}{section.3.4}% 55
\BOOKMARK [3][-]{subsubsection.3.4.1.1}{\376\377\000G\000e\000s\000t\000i\000o\000n\000e\000\040\000d\000e\000g\000l\000i\000\040\000E\000v\000e\000n\000t\000i\000\040\000e\000\040\000S\000e\000l\000e\000z\000i\000o\000n\000e\000\040\000\050\000V\000i\000e\000w\000\040\000-\000>\000\040\000P\000r\000e\000s\000e\000n\000t\000e\000r\000\051}{subsection.3.4.1}% 56
\BOOKMARK [3][-]{subsubsection.3.4.1.2}{\376\377\000V\000a\000l\000i\000d\000a\000z\000i\000o\000n\000e\000\040\000L\000o\000g\000i\000c\000a\000\040\000\050\000P\000r\000e\000s\000e\000n\000t\000e\000r\000\040\000-\000>\000\040\000M\000o\000d\000e\000l\000\051}{subsection.3.4.1}% 57
\BOOKMARK [3][-]{subsubsection.3.4.1.3}{\376\377\000M\000a\000n\000i\000p\000o\000l\000a\000z\000i\000o\000n\000e\000\040\000d\000e\000i\000\040\000D\000a\000t\000i\000\040\000e\000\040\000C\000o\000e\000r\000e\000n\000z\000a\000\040\000\050\000M\000o\000d\000e\000l\000\051}{subsection.3.4.1}% 58
\BOOKMARK [3][-]{subsubsection.3.4.1.4}{\376\377\000R\000i\000c\000o\000n\000c\000i\000l\000i\000a\000z\000i\000o\000n\000e\000\040\000d\000e\000l\000l\000a\000\040\000V\000i\000s\000t\000a\000\040\000\050\000P\000r\000e\000s\000e\000n\000t\000e\000r\000\040\000-\000>\000\040\000V\000i\000e\000w\000\051}{subsection.3.4.1}% 59
\BOOKMARK [3][-]{subsubsection.3.4.1.5}{\376\377\000V\000e\000r\000i\000f\000i\000c\000a\000\040\000P\000o\000s\000t\000-\000M\000o\000s\000s\000a\000\040\000e\000\040\000A\000u\000t\000o\000m\000a\000z\000i\000o\000n\000e\000\040\000\050\000C\000h\000a\000i\000n\000\040\000R\000e\000a\000c\000t\000i\000o\000n\000\051}{subsection.3.4.1}% 60
\BOOKMARK [2][-]{subsection.3.4.2}{\376\377\000I\000n\000t\000e\000r\000a\000z\000i\000o\000n\000e\000\040\000t\000r\000a\000\040\000C\000l\000a\000s\000s\000i\000\040\000-\000\040\000T\000u\000r\000n\000o\000\040\000C\000o\000m\000p\000u\000t\000e\000r}{section.3.4}% 61
\BOOKMARK [3][-]{subsubsection.3.4.2.1}{\376\377\000O\000r\000c\000h\000e\000s\000t\000r\000a\000z\000i\000o\000n\000e\000\040\000T\000e\000m\000p\000o\000r\000a\000l\000e\000\040\000e\000\040\000I\000n\000n\000e\000s\000c\000o\000\040\000\050\000T\000i\000m\000e\000r\000\040\000-\000>\000\040\000P\000r\000e\000s\000e\000n\000t\000e\000r\000\051}{subsection.3.4.2}% 62
\BOOKMARK [3][-]{subsubsection.3.4.2.2}{\376\377\000A\000n\000a\000l\000i\000s\000i\000\040\000S\000t\000r\000a\000t\000e\000g\000i\000c\000a\000\040\000e\000\040\000S\000c\000a\000n\000s\000i\000o\000n\000e\000\040\000d\000e\000l\000\040\000M\000o\000d\000e\000l\000l\000o\000\040\000\050\000C\000o\000m\000p\000u\000t\000e\000r\000\040\000-\000>\000\040\000H\000e\000a\000p\000\051}{subsection.3.4.2}% 63
\BOOKMARK [3][-]{subsubsection.3.4.2.3}{\376\377\000I\000l\000\040\000P\000a\000t\000t\000e\000r\000n\000\040\000S\000t\000r\000a\000t\000e\000g\000y\000\040\000i\000n\000\040\000A\000z\000i\000o\000n\000e\000\040\000\050\000M\000o\000d\000e\000l\000\040\000-\000>\000\040\000S\000t\000r\000a\000t\000e\000g\000y\000\051}{subsection.3.4.2}% 64
\BOOKMARK [3][-]{subsubsection.3.4.2.4}{\376\377\000E\000s\000e\000c\000u\000z\000i\000o\000n\000e\000\040\000d\000e\000l\000l\000a\000\040\000M\000u\000t\000a\000z\000i\000o\000n\000e\000\040\000e\000\040\000I\000n\000t\000e\000g\000r\000i\000t\000\340\000\040\000d\000e\000l\000\040\000M\000o\000d\000e\000l\000l\000o\000\040\000\050\000M\000o\000d\000e\000l\000\040\000E\000x\000e\000c\000u\000t\000i\000o\000n\000\051}{subsection.3.4.2}% 65
\BOOKMARK [3][-]{subsubsection.3.4.2.5}{\376\377\000F\000e\000e\000d\000b\000a\000c\000k\000\040\000L\000o\000o\000p\000\040\000e\000\040\000R\000i\000t\000o\000r\000n\000o\000\040\000d\000e\000l\000\040\000C\000o\000n\000t\000r\000o\000l\000l\000o\000\040\000\050\000C\000o\000m\000p\000u\000t\000e\000r\000\040\000-\000>\000\040\000P\000r\000e\000s\000e\000n\000t\000e\000r\000\051}{subsection.3.4.2}% 66
\BOOKMARK [3][-]{subsubsection.3.4.2.6}{\376\377\000S\000i\000n\000c\000r\000o\000n\000i\000z\000z\000a\000z\000i\000o\000n\000e\000\040\000d\000e\000l\000l\000a\000\040\000V\000i\000s\000t\000a\000\040\000e\000\040\000R\000e\000n\000d\000e\000r\000i\000n\000g\000\040\000D\000i\000f\000f\000e\000r\000e\000n\000z\000i\000a\000l\000e\000\040\000\050\000V\000i\000e\000w\000\040\000P\000h\000a\000s\000e\000\051}{subsection.3.4.2}% 67
\BOOKMARK [3][-]{subsubsection.3.4.2.7}{\376\377\000C\000o\000n\000s\000i\000d\000e\000r\000a\000z\000i\000o\000n\000i\000\040\000F\000i\000n\000a\000l\000i\000\040\000s\000u\000l\000\040\000F\000l\000u\000s\000s\000o\000\040\000C\000o\000m\000p\000u\000t\000e\000r}{subsection.3.4.2}% 68
\BOOKMARK [1][-]{section.3.5}{\376\377\000D\000i\000a\000g\000r\000a\000m\000m\000a\000\040\000d\000e\000i\000\040\000C\000o\000m\000p\000o\000n\000e\000n\000t\000i}{chapter.3}% 69
\BOOKMARK [2][-]{subsection.3.5.1}{\376\377\000P\000r\000e\000s\000e\000n\000t\000a\000t\000i\000o\000n\000\040\000L\000a\000y\000e\000r}{section.3.5}% 70
\BOOKMARK [2][-]{subsection.3.5.2}{\376\377\000B\000u\000s\000i\000n\000e\000s\000s\000\040\000L\000o\000g\000i\000c\000\040\000L\000a\000y\000e\000r}{section.3.5}% 71
\BOOKMARK [2][-]{subsection.3.5.3}{\376\377\000D\000a\000t\000a\000\040\000L\000a\000y\000e\000r}{section.3.5}% 72
\BOOKMARK [1][-]{section.3.6}{\376\377\000A\000r\000c\000h\000i\000t\000e\000t\000t\000u\000r\000a\000\040\000d\000e\000l\000\040\000P\000r\000o\000g\000e\000t\000t\000o}{chapter.3}% 73
\BOOKMARK [0][-]{chapter.4}{\376\377\000I\000m\000p\000l\000e\000m\000e\000n\000t\000a\000z\000i\000o\000n\000e\000\040\000e\000\040\000V\000a\000l\000i\000d\000a\000z\000i\000o\000n\000e}{}% 74
\BOOKMARK [1][-]{section.4.1}{\376\377\000I\000n\000t\000r\000o\000d\000u\000z\000i\000o\000n\000e\000\040\000a\000l\000l\000e\000\040\000S\000c\000e\000l\000t\000e\000\040\000T\000e\000c\000n\000o\000l\000o\000g\000i\000c\000h\000e}{chapter.4}% 75
\BOOKMARK [1][-]{section.4.2}{\376\377\000A\000r\000c\000h\000i\000t\000e\000t\000t\000u\000r\000a\000\040\000M\000o\000d\000e\000l\000-\000V\000i\000e\000w\000-\000P\000r\000e\000s\000e\000n\000t\000e\000r\000\040\000\050\000M\000V\000P\000\051}{chapter.4}% 76
\BOOKMARK [2][-]{subsection.4.2.1}{\376\377\000D\000i\000s\000t\000i\000n\000z\000i\000o\000n\000e\000\040\000d\000a\000l\000\040\000f\000r\000a\000m\000e\000w\000o\000r\000k\000\040\000M\000V\000C\000\040\000\050\000M\000o\000d\000e\000l\000-\000V\000i\000e\000w\000-\000C\000o\000n\000t\000r\000o\000l\000l\000e\000r\000\051}{section.4.2}% 77
\BOOKMARK [1][-]{section.4.3}{\376\377\000S\000t\000r\000u\000t\000t\000u\000r\000a\000\040\000d\000e\000i\000\040\000D\000a\000t\000i\000\040\000e\000\040\000L\000o\000g\000i\000c\000a\000\040\000d\000i\000\040\000D\000o\000m\000i\000n\000i\000o\000\040\000\050\000M\000o\000d\000e\000l\000\040\000L\000a\000y\000e\000r\000\051}{chapter.4}% 78
\BOOKMARK [2][-]{subsection.4.3.1}{\376\377\000I\000n\000c\000a\000p\000s\000u\000l\000a\000m\000e\000n\000t\000o\000\040\000d\000e\000l\000l\000o\000\040\000S\000t\000a\000t\000o\000:\000\040\000N\000o\000d\000e\000.\000j\000s}{section.4.3}% 79
\BOOKMARK [2][-]{subsection.4.3.2}{\376\377\000A\000s\000t\000r\000a\000z\000i\000o\000n\000e\000\040\000A\000r\000r\000a\000y\000-\000A\000l\000b\000e\000r\000o\000:\000\040\000H\000e\000a\000p\000.\000j\000s}{section.4.3}% 80
\BOOKMARK [1][-]{section.4.4}{\376\377\000C\000o\000m\000p\000o\000r\000t\000a\000m\000e\000n\000t\000o\000\040\000D\000i\000n\000a\000m\000i\000c\000o\000:\000\040\000I\000l\000\040\000P\000a\000t\000t\000e\000r\000n\000\040\000S\000t\000r\000a\000t\000e\000g\000y}{chapter.4}% 81
\BOOKMARK [1][-]{section.4.5}{\376\377\000M\000o\000t\000o\000r\000e\000\040\000D\000e\000c\000i\000s\000i\000o\000n\000a\000l\000e\000\040\000e\000\040\000L\000o\000g\000i\000c\000a\000\040\000d\000e\000l\000l\000'\000A\000v\000v\000e\000r\000s\000a\000r\000i\000o}{chapter.4}% 82
\BOOKMARK [1][-]{section.4.6}{\376\377\000G\000e\000s\000t\000i\000o\000n\000e\000\040\000d\000e\000l\000l\000a\000\040\000R\000a\000p\000p\000r\000e\000s\000e\000n\000t\000a\000z\000i\000o\000n\000e\000\040\000V\000i\000s\000i\000v\000a\000\040\000\050\000V\000i\000e\000w\000\040\000L\000a\000y\000e\000r\000\051}{chapter.4}% 83
\BOOKMARK [2][-]{subsection.4.6.1}{\376\377\000A\000g\000g\000i\000o\000r\000n\000a\000m\000e\000n\000t\000o\000\040\000D\000i\000f\000f\000e\000r\000e\000n\000z\000i\000a\000l\000e\000\040\000n\000e\000l\000\040\000R\000e\000n\000d\000e\000r}{section.4.6}% 84
\BOOKMARK [2][-]{subsection.4.6.2}{\376\377\000T\000r\000i\000g\000o\000n\000o\000m\000e\000t\000r\000i\000a\000\040\000e\000\040\000C\000a\000l\000c\000o\000l\000o\000\040\000d\000e\000i\000\040\000r\000a\000m\000i\000\040\000\050\000E\000d\000g\000e\000s\000\051}{section.4.6}% 85
\BOOKMARK [1][-]{section.4.7}{\376\377\000O\000r\000c\000h\000e\000s\000t\000r\000a\000z\000i\000o\000n\000e\000\040\000e\000\040\000C\000i\000c\000l\000o\000\040\000d\000i\000\040\000G\000i\000o\000c\000o\000\040\000\050\000P\000r\000e\000s\000e\000n\000t\000e\000r\000\040\000L\000a\000y\000e\000r\000\051}{chapter.4}% 86
\BOOKMARK [1][-]{section.4.8}{\376\377\000V\000a\000l\000i\000d\000a\000z\000i\000o\000n\000e\000\040\000e\000\040\000C\000o\000l\000l\000a\000u\000d\000o\000\040\000F\000i\000n\000a\000l\000e}{chapter.4}% 87
\BOOKMARK [1][-]{section.4.9}{\376\377\000D\000e\000t\000t\000a\000g\000l\000i\000o\000\040\000d\000e\000l\000\040\000F\000e\000e\000d\000b\000a\000c\000k\000\040\000V\000i\000s\000i\000v\000o\000\040\000e\000\040\000A\000n\000i\000m\000a\000z\000i\000o\000n\000i\000\040\000C\000S\000S}{chapter.4}% 88
\BOOKMARK [2][-]{subsection.4.9.1}{\376\377\000T\000r\000a\000n\000s\000i\000z\000i\000o\000n\000i\000\040\000d\000i\000\040\000S\000t\000a\000t\000o\000\040\000t\000r\000a\000m\000i\000t\000e\000\040\000C\000S\000S\000\040\000V\000a\000r\000i\000a\000b\000l\000e\000s}{section.4.9}% 89
\BOOKMARK [2][-]{subsection.4.9.2}{\376\377\000I\000n\000t\000e\000r\000p\000o\000l\000a\000z\000i\000o\000n\000e\000\040\000C\000i\000n\000e\000m\000a\000t\000i\000c\000a\000\040\000\050\000C\000u\000b\000i\000c\000\040\000B\000e\000z\000i\000e\000r\000\051}{section.4.9}% 90
\BOOKMARK [1][-]{section.4.10}{\376\377\000A\000n\000a\000l\000i\000s\000i\000\040\000d\000e\000l\000l\000a\000\040\000C\000o\000m\000p\000l\000e\000s\000s\000i\000t\000\340\000\040\000C\000o\000m\000p\000u\000t\000a\000z\000i\000o\000n\000a\000l\000e}{chapter.4}% 91
\BOOKMARK [2][-]{subsection.4.10.1}{\376\377\000C\000o\000m\000p\000l\000e\000s\000s\000i\000t\000\340\000\040\000d\000e\000l\000l\000'\000A\000l\000g\000o\000r\000i\000t\000m\000o}{section.4.10}% 92
\BOOKMARK [2][-]{subsection.4.10.2}{\376\377\000C\000o\000m\000p\000l\000e\000s\000s\000i\000t\000\340\000\040\000d\000i\000\040\000R\000e\000n\000d\000e\000r\000i\000n\000g\000\040\000e\000\040\000D\000O\000M\000\040\000R\000e\000f\000l\000o\000w}{section.4.10}% 93
\BOOKMARK [1][-]{section.4.11}{\376\377\000R\000e\000s\000p\000o\000n\000s\000i\000v\000i\000t\000\340\000\040\000M\000u\000l\000t\000i\000-\000D\000i\000s\000p\000o\000s\000i\000t\000i\000v\000o\000\040\000e\000\040\000A\000c\000c\000e\000s\000s\000i\000b\000i\000l\000i\000t\000\340}{chapter.4}% 94
\BOOKMARK [2][-]{subsection.4.11.1}{\376\377\000L\000a\000y\000o\000u\000t\000\040\000A\000d\000a\000t\000t\000i\000v\000o\000\040\000t\000r\000a\000m\000i\000t\000e\000\040\000M\000o\000d\000u\000l\000o\000\040\000F\000l\000e\000x\000b\000o\000x}{section.4.11}% 95
\BOOKMARK [2][-]{subsection.4.11.2}{\376\377\000M\000e\000d\000i\000a\000\040\000Q\000u\000e\000r\000i\000e\000s\000\040\000p\000e\000r\000\040\000l\000'\000E\000s\000p\000e\000r\000i\000e\000n\000z\000a\000\040\000M\000o\000b\000i\000l\000e}{section.4.11}% 96
\BOOKMARK [1][-]{section.4.12}{\376\377\000S\000v\000i\000l\000u\000p\000p\000i\000\040\000F\000u\000t\000u\000r\000i\000\040\000e\000\040\000M\000a\000n\000u\000t\000e\000n\000i\000b\000i\000l\000i\000t\000\340\000\040\000A\000r\000c\000h\000i\000t\000e\000t\000t\000u\000r\000a\000l\000e}{chapter.4}% 97
\BOOKMARK [2][-]{subsection.4.12.1}{\376\377\000I\000n\000t\000e\000r\000c\000a\000m\000b\000i\000a\000b\000i\000l\000i\000t\000\340\000\040\000d\000e\000g\000l\000i\000\040\000A\000l\000g\000o\000r\000i\000t\000m\000i\000\040\000A\000l\000g\000o\000r\000i\000t\000m\000i\000c\000i}{section.4.12}% 98
\BOOKMARK [2][-]{subsection.4.12.2}{\376\377\000E\000s\000t\000e\000n\000s\000i\000o\000n\000i\000\040\000i\000n\000\040\000S\000c\000e\000n\000a\000r\000i\000\040\000M\000u\000l\000t\000i\000p\000l\000a\000y\000e\000r\000\040\000R\000e\000t\000e}{section.4.12}% 99
\BOOKMARK [0][-]{chapter.5}{\376\377\000R\000i\000s\000u\000l\000t\000a\000t\000i}{}% 100
\BOOKMARK [1][-]{section.5.1}{\376\377\000A\000n\000a\000l\000i\000s\000i\000\040\000d\000e\000l\000l\000'\000I\000n\000t\000e\000r\000f\000a\000c\000c\000i\000a\000\040\000I\000n\000t\000e\000r\000a\000t\000t\000i\000v\000a}{chapter.5}% 101
\BOOKMARK [1][-]{section.5.2}{\376\377\000C\000o\000n\000f\000i\000g\000u\000r\000a\000z\000i\000o\000n\000e\000\040\000e\000\040\000P\000e\000r\000s\000o\000n\000a\000l\000i\000z\000z\000a\000z\000i\000o\000n\000e}{chapter.5}% 102
\BOOKMARK [1][-]{section.5.3}{\376\377\000G\000u\000i\000d\000a\000\040\000a\000l\000l\000'\000U\000t\000i\000l\000i\000z\000z\000o}{chapter.5}% 103
\BOOKMARK [1][-]{section.5.4}{\376\377\000A\000v\000v\000i\000o\000\040\000d\000e\000l\000l\000a\000\040\000S\000e\000s\000s\000i\000o\000n\000e\000\040\000d\000i\000\040\000G\000i\000o\000c\000o\000\040\000e\000\040\000A\000n\000a\000l\000i\000s\000i\000\040\000d\000e\000l\000l\000'\000I\000n\000t\000e\000r\000f\000a\000c\000c\000i\000a}{chapter.5}% 104
\BOOKMARK [2][-]{subsection.5.4.1}{\376\377\000O\000r\000g\000a\000n\000i\000z\000z\000a\000z\000i\000o\000n\000e\000\040\000V\000i\000s\000i\000v\000a\000\040\000d\000e\000l\000l\000a\000\040\000S\000c\000h\000e\000r\000m\000a\000t\000a}{section.5.4}% 105
\BOOKMARK [2][-]{subsection.5.4.2}{\376\377\000I\000n\000t\000e\000r\000a\000z\000i\000o\000n\000e\000\040\000e\000\040\000F\000e\000e\000d\000b\000a\000c\000k\000\040\000D\000i\000n\000a\000m\000i\000c\000o}{section.5.4}% 106
\BOOKMARK [2][-]{subsection.5.4.3}{\376\377\000F\000l\000u\000s\000s\000o\000\040\000d\000'\000U\000s\000o\000\040\000T\000i\000p\000i\000c\000o}{section.5.4}% 107
\BOOKMARK [1][-]{section.5.5}{\376\377\000E\000s\000i\000t\000o\000\040\000d\000e\000l\000l\000a\000\040\000P\000a\000r\000t\000i\000t\000a\000\040\000e\000\040\000F\000e\000e\000d\000b\000a\000c\000k\000\040\000d\000i\000\040\000F\000i\000n\000e\000\040\000S\000e\000s\000s\000i\000o\000n\000e}{chapter.5}% 108
\BOOKMARK [0][-]{chapter*.47}{\376\377\000C\000o\000n\000c\000l\000u\000s\000i\000o\000n\000i}{}% 109
\BOOKMARK [0][-]{chapter*.52}{\376\377\000B\000i\000b\000l\000i\000o\000g\000r\000a\000f\000i\000a}{}% 110
